// Jest Snapshot v1, https://jestjs.io/docs/snapshot-testing

exports[`declastruct CLI workflow given: a declastruct resources file when: generating a plan via declastruct CLI then: plan structure matches snapshot 1`] = `
[
  {
    "action": "KEEP",
    "class": "DeclaredAwsIamRole",
    "slug": "DeclaredAwsIamRole.declastruct-acceptance-lambda-role.90ccdcb54e515bd4905991a726aecc9d",
  },
  {
    "action": "KEEP",
    "class": "DeclaredAwsIamRolePolicyAttachedInline",
    "slug": "DeclaredAwsIamRolePolicyAttachedInline.cloudwatch-logs.namedeclastruct-acceptance-lambda-role.c4db18d70b515cf4804b273f1e1b6850",
  },
  {
    "action": "KEEP",
    "class": "DeclaredAwsLambda",
    "slug": "DeclaredAwsLambda.declastruct-acceptance-lambda.7ae0833d0185572ebd95f5c626e9fe11",
  },
  {
    "action": "KEEP",
    "class": "DeclaredAwsLambdaVersion",
    "slug": "DeclaredAwsLambdaVersion.code04aba62b483510cebb72e4ea0672d146bdd080e3cbf23817a72192425dfb689dconfig2ac3d1dc01dd83848ed9476b5ad7c.5078e007ae0f5368ba5baef0fcb3f887",
  },
  {
    "action": "KEEP",
    "class": "DeclaredAwsLambdaAlias",
    "slug": "DeclaredAwsLambdaAlias.namedeclastruct-acceptance-lambda.LIVE.0f698a1d479c5260a74aefbd6ba0ea45",
  },
  {
    "action": "KEEP",
    "class": "DeclaredAwsLogGroup",
    "slug": "DeclaredAwsLogGroup.declastructacceptance-testwith-retention.091246fbaf1652349d9c4cd7e5086299",
  },
  {
    "action": "KEEP",
    "class": "DeclaredAwsLogGroupReportDistOfPattern",
    "slug": "DeclaredAwsLogGroupReportDistOfPattern.null.100.nameawslambdadeclastruct-acceptance-lambda.message.since2026-06-08T000000.000Zun.9a9ae4baf8515e2686274aecd10be28c",
  },
  {
    "action": "KEEP",
    "class": "DeclaredAwsLogGroupReportCostOfIngestion",
    "slug": "DeclaredAwsLogGroupReportCostOfIngestion.namesawslambdadeclastruct-acceptance-lambda.since2026-06-08T000000.000Zuntil2026-06-15T.00a24ba5c2695a2f94c55758de5876d1",
  },
]
`;

exports[`declastruct CLI workflow given: a declastruct resources file when: re-planning after apply to verify idempotency then: idempotent plan structure matches snapshot 1`] = `
[
  {
    "action": "KEEP",
    "class": "DeclaredAwsIamRole",
    "slug": "DeclaredAwsIamRole.declastruct-acceptance-lambda-role.90ccdcb54e515bd4905991a726aecc9d",
  },
  {
    "action": "KEEP",
    "class": "DeclaredAwsIamRolePolicyAttachedInline",
    "slug": "DeclaredAwsIamRolePolicyAttachedInline.cloudwatch-logs.namedeclastruct-acceptance-lambda-role.c4db18d70b515cf4804b273f1e1b6850",
  },
  {
    "action": "KEEP",
    "class": "DeclaredAwsLambda",
    "slug": "DeclaredAwsLambda.declastruct-acceptance-lambda.7ae0833d0185572ebd95f5c626e9fe11",
  },
  {
    "action": "KEEP",
    "class": "DeclaredAwsLambdaVersion",
    "slug": "DeclaredAwsLambdaVersion.code04aba62b483510cebb72e4ea0672d146bdd080e3cbf23817a72192425dfb689dconfig2ac3d1dc01dd83848ed9476b5ad7c.5078e007ae0f5368ba5baef0fcb3f887",
  },
  {
    "action": "KEEP",
    "class": "DeclaredAwsLambdaAlias",
    "slug": "DeclaredAwsLambdaAlias.namedeclastruct-acceptance-lambda.LIVE.0f698a1d479c5260a74aefbd6ba0ea45",
  },
  {
    "action": "KEEP",
    "class": "DeclaredAwsLogGroup",
    "slug": "DeclaredAwsLogGroup.declastructacceptance-testwith-retention.091246fbaf1652349d9c4cd7e5086299",
  },
  {
    "action": "KEEP",
    "class": "DeclaredAwsLogGroupReportDistOfPattern",
    "slug": "DeclaredAwsLogGroupReportDistOfPattern.null.100.nameawslambdadeclastruct-acceptance-lambda.message.since2026-06-08T000000.000Zun.9a9ae4baf8515e2686274aecd10be28c",
  },
  {
    "action": "KEEP",
    "class": "DeclaredAwsLogGroupReportCostOfIngestion",
    "slug": "DeclaredAwsLogGroupReportCostOfIngestion.namesawslambdadeclastruct-acceptance-lambda.since2026-06-08T000000.000Zuntil2026-06-15T.00a24ba5c2695a2f94c55758de5876d1",
  },
]
`;
