// Jest Snapshot v1, https://jestjs.io/docs/snapshot-testing

exports[`declastruct CLI workflow given: a declastruct resources file when: generating a plan via declastruct CLI then: plan structure matches snapshot 1`] = `
[
  {
    "action": "KEEP",
    "class": "DeclaredAwsVpc",
    "slug": "DeclaredAwsVpc.declastruct-acceptance-vpc.[HASH]",
  },
  {
    "action": "KEEP",
    "class": "DeclaredAwsVpcSubnet",
    "slug": "DeclaredAwsVpcSubnet.declastruct-acceptance-subnet-1a.[HASH]",
  },
  {
    "action": "KEEP",
    "class": "DeclaredAwsVpcSecurityGroup",
    "slug": "DeclaredAwsVpcSecurityGroup.declastruct-acceptance-sg.[HASH]",
  },
  {
    "action": "KEEP",
    "class": "DeclaredAwsVpcInternetGateway",
    "slug": "DeclaredAwsVpcInternetGateway.declastruct-acceptance-igw.[HASH]",
  },
  {
    "action": "KEEP",
    "class": "DeclaredAwsVpcRouteTable",
    "slug": "DeclaredAwsVpcRouteTable.declastruct-acceptance-rtb.[HASH]",
  },
  {
    "action": "KEEP",
    "class": "DeclaredAwsIamRole",
    "slug": "DeclaredAwsIamRole.declastruct-acceptance-lambda-role.[HASH]",
  },
  {
    "action": "KEEP",
    "class": "DeclaredAwsIamRolePolicyAttachedInline",
    "slug": "DeclaredAwsIamRolePolicyAttachedInline.cloudwatch-logs.namedeclastruct-acceptance-lambda-role.[HASH]",
  },
  {
    "action": "KEEP",
    "class": "DeclaredAwsLambda",
    "slug": "DeclaredAwsLambda.declastruct-acceptance-lambda.[HASH]",
  },
  {
    "action": "KEEP",
    "class": "DeclaredAwsLambdaVersion",
    "slug": "DeclaredAwsLambdaVersion.code04aba62b483510cebb72e4ea0672d146bdd080e3cbf23817a72192425dfb689dconfig2ac3d1dc01dd83848ed9476b5ad7c.[HASH]",
  },
  {
    "action": "KEEP",
    "class": "DeclaredAwsLambdaAlias",
    "slug": "DeclaredAwsLambdaAlias.namedeclastruct-acceptance-lambda.LIVE.[HASH]",
  },
  {
    "action": "KEEP",
    "class": "DeclaredAwsLogGroup",
    "slug": "DeclaredAwsLogGroup.declastructacceptance-testwith-retention.[HASH]",
  },
  {
    "action": "KEEP",
    "class": "DeclaredAwsLogGroupReportDistOfPattern",
    "slug": "DeclaredAwsLogGroupReportDistOfPattern.null.100.nameawslambdadeclastruct-acceptance-lambda.message.since[DATE]un.[HASH]",
  },
  {
    "action": "KEEP",
    "class": "DeclaredAwsLogGroupReportCostOfIngestion",
    "slug": "DeclaredAwsLogGroupReportCostOfIngestion.namesawslambdadeclastruct-acceptance-lambda.since[DATE]until[DATE].[HASH]",
  },
]
`;

exports[`declastruct CLI workflow given: a declastruct resources file when: re-planning after apply to verify idempotency then: idempotent plan structure matches snapshot 1`] = `
[
  {
    "action": "KEEP",
    "class": "DeclaredAwsVpc",
    "slug": "DeclaredAwsVpc.declastruct-acceptance-vpc.[HASH]",
  },
  {
    "action": "KEEP",
    "class": "DeclaredAwsVpcSubnet",
    "slug": "DeclaredAwsVpcSubnet.declastruct-acceptance-subnet-1a.[HASH]",
  },
  {
    "action": "KEEP",
    "class": "DeclaredAwsVpcSecurityGroup",
    "slug": "DeclaredAwsVpcSecurityGroup.declastruct-acceptance-sg.[HASH]",
  },
  {
    "action": "KEEP",
    "class": "DeclaredAwsVpcInternetGateway",
    "slug": "DeclaredAwsVpcInternetGateway.declastruct-acceptance-igw.[HASH]",
  },
  {
    "action": "KEEP",
    "class": "DeclaredAwsVpcRouteTable",
    "slug": "DeclaredAwsVpcRouteTable.declastruct-acceptance-rtb.[HASH]",
  },
  {
    "action": "KEEP",
    "class": "DeclaredAwsIamRole",
    "slug": "DeclaredAwsIamRole.declastruct-acceptance-lambda-role.[HASH]",
  },
  {
    "action": "KEEP",
    "class": "DeclaredAwsIamRolePolicyAttachedInline",
    "slug": "DeclaredAwsIamRolePolicyAttachedInline.cloudwatch-logs.namedeclastruct-acceptance-lambda-role.[HASH]",
  },
  {
    "action": "KEEP",
    "class": "DeclaredAwsLambda",
    "slug": "DeclaredAwsLambda.declastruct-acceptance-lambda.[HASH]",
  },
  {
    "action": "KEEP",
    "class": "DeclaredAwsLambdaVersion",
    "slug": "DeclaredAwsLambdaVersion.code04aba62b483510cebb72e4ea0672d146bdd080e3cbf23817a72192425dfb689dconfig2ac3d1dc01dd83848ed9476b5ad7c.[HASH]",
  },
  {
    "action": "KEEP",
    "class": "DeclaredAwsLambdaAlias",
    "slug": "DeclaredAwsLambdaAlias.namedeclastruct-acceptance-lambda.LIVE.[HASH]",
  },
  {
    "action": "KEEP",
    "class": "DeclaredAwsLogGroup",
    "slug": "DeclaredAwsLogGroup.declastructacceptance-testwith-retention.[HASH]",
  },
  {
    "action": "KEEP",
    "class": "DeclaredAwsLogGroupReportDistOfPattern",
    "slug": "DeclaredAwsLogGroupReportDistOfPattern.null.100.nameawslambdadeclastruct-acceptance-lambda.message.since[DATE]un.[HASH]",
  },
  {
    "action": "KEEP",
    "class": "DeclaredAwsLogGroupReportCostOfIngestion",
    "slug": "DeclaredAwsLogGroupReportCostOfIngestion.namesawslambdadeclastruct-acceptance-lambda.since[DATE]until[DATE].[HASH]",
  },
]
`;
