// Jest Snapshot v1, https://jestjs.io/docs/snapshot-testing

exports[`declastruct CLI workflow given: a declastruct resources file when: generating a plan via declastruct CLI then: plan structure matches snapshot 1`] = `
[
  {
    "action": "KEEP",
    "class": "DeclaredAwsIamRole",
    "slug": "DeclaredAwsIamRole.declastruct-acceptance-lambda-role.90ccdcb54e515bd4905991a726aecc9d",
  },
  {
    "action": "KEEP",
    "class": "DeclaredAwsIamRolePolicyAttachedInline",
    "slug": "DeclaredAwsIamRolePolicyAttachedInline.cloudwatch-logs.namedeclastruct-acceptance-lambda-role.c4db18d70b515cf4804b273f1e1b6850",
  },
  {
    "action": "KEEP",
    "class": "DeclaredAwsLambda",
    "slug": "DeclaredAwsLambda.declastruct-acceptance-lambda.7ae0833d0185572ebd95f5c626e9fe11",
  },
  {
    "action": "KEEP",
    "class": "DeclaredAwsLambdaVersion",
    "slug": "DeclaredAwsLambdaVersion.BKumK0g1EM67cuTqBnLRRr3QgOPL8jgXpyGSQl37aJ0.KsPR3AHdg4SO2UdrWtfCRFg0BJOC534IAWdKsvkwXY.namedeclastruct-.03cfe20747f959888654df4fdf9b608b",
  },
  {
    "action": "KEEP",
    "class": "DeclaredAwsLambdaAlias",
    "slug": "DeclaredAwsLambdaAlias.namedeclastruct-acceptance-lambda.LIVE.0f698a1d479c5260a74aefbd6ba0ea45",
  },
  {
    "action": "KEEP",
    "class": "DeclaredAwsLogGroup",
    "slug": "DeclaredAwsLogGroup.declastructacceptance-testwith-retention.091246fbaf1652349d9c4cd7e5086299",
  },
  {
    "action": "KEEP",
    "class": "DeclaredAwsLogGroupReportDistOfPattern",
    "slug": "DeclaredAwsLogGroupReportDistOfPattern.null.100.nameawslambdadeclastruct-acceptance-lambda.message.since2026-04-24T000000.000Zun.b221759b64f05beaad3d8c2f2390200f",
  },
  {
    "action": "KEEP",
    "class": "DeclaredAwsLogGroupReportCostOfIngestion",
    "slug": "DeclaredAwsLogGroupReportCostOfIngestion.namesawslambdadeclastruct-acceptance-lambda.since2026-04-24T000000.000Zuntil2026-05-01T.3da153b88d6b5cc7b0f339093a010af9",
  },
]
`;

exports[`declastruct CLI workflow given: a declastruct resources file when: re-planning after apply to verify idempotency then: idempotent plan structure matches snapshot 1`] = `
[
  {
    "action": "KEEP",
    "class": "DeclaredAwsIamRole",
    "slug": "DeclaredAwsIamRole.declastruct-acceptance-lambda-role.90ccdcb54e515bd4905991a726aecc9d",
  },
  {
    "action": "KEEP",
    "class": "DeclaredAwsIamRolePolicyAttachedInline",
    "slug": "DeclaredAwsIamRolePolicyAttachedInline.cloudwatch-logs.namedeclastruct-acceptance-lambda-role.c4db18d70b515cf4804b273f1e1b6850",
  },
  {
    "action": "KEEP",
    "class": "DeclaredAwsLambda",
    "slug": "DeclaredAwsLambda.declastruct-acceptance-lambda.7ae0833d0185572ebd95f5c626e9fe11",
  },
  {
    "action": "KEEP",
    "class": "DeclaredAwsLambdaVersion",
    "slug": "DeclaredAwsLambdaVersion.BKumK0g1EM67cuTqBnLRRr3QgOPL8jgXpyGSQl37aJ0.KsPR3AHdg4SO2UdrWtfCRFg0BJOC534IAWdKsvkwXY.namedeclastruct-.03cfe20747f959888654df4fdf9b608b",
  },
  {
    "action": "KEEP",
    "class": "DeclaredAwsLambdaAlias",
    "slug": "DeclaredAwsLambdaAlias.namedeclastruct-acceptance-lambda.LIVE.0f698a1d479c5260a74aefbd6ba0ea45",
  },
  {
    "action": "KEEP",
    "class": "DeclaredAwsLogGroup",
    "slug": "DeclaredAwsLogGroup.declastructacceptance-testwith-retention.091246fbaf1652349d9c4cd7e5086299",
  },
  {
    "action": "KEEP",
    "class": "DeclaredAwsLogGroupReportDistOfPattern",
    "slug": "DeclaredAwsLogGroupReportDistOfPattern.null.100.nameawslambdadeclastruct-acceptance-lambda.message.since2026-04-24T000000.000Zun.b221759b64f05beaad3d8c2f2390200f",
  },
  {
    "action": "KEEP",
    "class": "DeclaredAwsLogGroupReportCostOfIngestion",
    "slug": "DeclaredAwsLogGroupReportCostOfIngestion.namesawslambdadeclastruct-acceptance-lambda.since2026-04-24T000000.000Zuntil2026-05-01T.3da153b88d6b5cc7b0f339093a010af9",
  },
]
`;
